warning: lifetime parameter `'a` never used
  --> $DIR/issue-36139-normalize-closure-sig.rs:6:14
   |
LL | trait ITrait<'a> {type Item;}
   |             -^^- help: elide the unused lifetime
   |
   = note: `#[warn(unused_lifetimes)]` on by default

