warning: lifetime parameter `'a` never used
  --> $DIR/defaults-well-formedness.rs:24:13
   |
LL | trait Scope<'a> {}
   |            -^^- help: elide the unused lifetime
   |
   = note: `#[warn(unused_lifetimes)]` on by default

