warning: lifetime parameter `'_` never used
  --> $DIR/elided.rs:6:39
   |
LL | async fn multiple_elided_lifetimes(_: &u8, _: &u8) {}
   |                                       ^
   |
   = note: `#[warn(unused_lifetimes)]` on by default

warning: lifetime parameter `'_` never used
  --> $DIR/elided.rs:6:47
   |
LL | async fn multiple_elided_lifetimes(_: &u8, _: &u8) {}
   |                                               ^

