warning: lifetime parameter `'a` never used
  --> $DIR/issue-53570.rs:13:14
   |
LL | trait AnyVec<'a> {
   |             -^^- help: elide the unused lifetime
   |
   = note: `#[warn(unused_lifetimes)]` on by default

