warning: lifetime parameter `'b` never used
  --> $DIR/ordinary-bounds-pick-original-type-alias-impl-trait.rs:9:17
   |
LL | trait Trait<'a, 'b> { }
   |               --^^
   |               |
   |               help: elide the unused lifetime
   |
   = note: `#[warn(unused_lifetimes)]` on by default

warning: lifetime parameter `'a` never used
  --> $DIR/ordinary-bounds-pick-original-type-alias-impl-trait.rs:9:13
   |
LL | trait Trait<'a, 'b> { }
   |             ^^--
   |             |
   |             help: elide the unused lifetime

